// Jest Snapshot v1, https://goo.gl/fbAQLP

exports[`Select renders select element 1`] = `
<DocumentFragment>
  <select
    class="sc-bcPKhP cesjdj"
  />
</DocumentFragment>
`;
