// Jest Snapshot v1, https://goo.gl/fbAQLP

exports[`Linechart renders the chart with the correct data 1`] = `
<DocumentFragment>
  <div
    class="sc-bcPKhP fgKLFs"
  />
</DocumentFragment>
`;
